src/components/__tests__/Discovery.badges.test.tsx(195,73): error TS2322: Type 'Promise<any[]>' is not assignable to type 'Promise<never[]>'.
  Type 'any[]' is not assignable to type 'never[]'.
    Type 'any' is not assignable to type 'never'.
src/components/__tests__/Discovery.badges.test.tsx(209,73): error TS2322: Type 'Promise<any[]>' is not assignable to type 'Promise<never[]>'.
  Type 'any[]' is not assignable to type 'never[]'.
    Type 'any' is not assignable to type 'never'.
src/components/__tests__/Discovery.badges.test.tsx(213,56): error TS2345: Argument of type '(id: number | null | undefined) => { data: { symbol_id: number; symbol: string; candidate: { has_candidate: boolean; candidate_id: number; scope: string; stage: null; action: null; priority_score: null; ... 6 more ...; snapshot_generated_at: null; }; ... 6 more ...; degraded_reason: null; }; loading: boolean; error:...' is not assignable to parameter of type 'NormalizedPrecedure<(_id: number | null | undefined) => { data: null; loading: boolean; error: null; degraded: boolean; refresh: Mock<() => Promise<void>>; }>'.
  Call signature return types '{ data: { symbol_id: number; symbol: string; candidate: { has_candidate: boolean; candidate_id: number; scope: string; stage: null; action: null; priority_score: null; quality_score: null; timing_score: null; ... 4 more ...; snapshot_generated_at: null; }; ... 6 more ...; degraded_reason: null; }; loading: boolean; ...' and '{ data: null; loading: boolean; error: null; degraded: boolean; refresh: Mock<() => Promise<void>>; }' are incompatible.
    The types of 'data' are incompatible between these types.
      Type '{ symbol_id: number; symbol: string; candidate: { has_candidate: boolean; candidate_id: number; scope: string; stage: null; action: null; priority_score: null; quality_score: null; timing_score: null; ... 4 more ...; snapshot_generated_at: null; }; ... 6 more ...; degraded_reason: null; }' is not assignable to type 'null'.
src/components/__tests__/Discovery.badges.test.tsx(232,73): error TS2322: Type 'Promise<any[]>' is not assignable to type 'Promise<never[]>'.
  Type 'any[]' is not assignable to type 'never[]'.
    Type 'any' is not assignable to type 'never'.
src/components/__tests__/Discovery.badges.test.tsx(235,56): error TS2345: Argument of type '(_id: number | null | undefined) => { data: null; loading: false; error: string; degraded: true; refresh: Mock<() => Promise<void>>; }' is not assignable to parameter of type 'NormalizedPrecedure<(_id: number | null | undefined) => { data: null; loading: boolean; error: null; degraded: boolean; refresh: Mock<() => Promise<void>>; }>'.
  Call signature return types '{ data: null; loading: false; error: string; degraded: true; refresh: Mock<() => Promise<void>>; }' and '{ data: null; loading: boolean; error: null; degraded: boolean; refresh: Mock<() => Promise<void>>; }' are incompatible.
    The types of 'error' are incompatible between these types.
      Type 'string' is not assignable to type 'null'.
src/components/__tests__/Discovery.badges.test.tsx(254,73): error TS2322: Type 'Promise<any[]>' is not assignable to type 'Promise<never[]>'.
  Type 'any[]' is not assignable to type 'never[]'.
    Type 'any' is not assignable to type 'never'.
src/components/__tests__/Discovery.badges.test.tsx(257,56): error TS2345: Argument of type '(id: number | null | undefined) => { data: { symbol_id: number; symbol: string; candidate: { has_candidate: boolean; candidate_id: number; scope: string; stage: null; action: null; priority_score: null; ... 6 more ...; snapshot_generated_at: null; }; ... 6 more ...; degraded_reason: null; }; loading: boolean; error:...' is not assignable to parameter of type 'NormalizedPrecedure<(_id: number | null | undefined) => { data: null; loading: boolean; error: null; degraded: boolean; refresh: Mock<() => Promise<void>>; }>'.
  Call signature return types '{ data: { symbol_id: number; symbol: string; candidate: { has_candidate: boolean; candidate_id: number; scope: string; stage: null; action: null; priority_score: null; quality_score: null; timing_score: null; ... 4 more ...; snapshot_generated_at: null; }; ... 6 more ...; degraded_reason: null; }; loading: boolean; ...' and '{ data: null; loading: boolean; error: null; degraded: boolean; refresh: Mock<() => Promise<void>>; }' are incompatible.
    The types of 'data' are incompatible between these types.
      Type '{ symbol_id: number; symbol: string; candidate: { has_candidate: boolean; candidate_id: number; scope: string; stage: null; action: null; priority_score: null; quality_score: null; timing_score: null; ... 4 more ...; snapshot_generated_at: null; }; ... 6 more ...; degraded_reason: null; }' is not assignable to type 'null'.
src/components/__tests__/Discovery.test.tsx(378,73): error TS2322: Type 'Promise<any[]>' is not assignable to type 'Promise<never[]>'.
  Type 'any[]' is not assignable to type 'never[]'.
    Type 'any' is not assignable to type 'never'.
src/components/__tests__/Discovery.test.tsx(396,73): error TS2322: Type 'Promise<any[]>' is not assignable to type 'Promise<never[]>'.
  Type 'any[]' is not assignable to type 'never[]'.
    Type 'any' is not assignable to type 'never'.
src/components/__tests__/Discovery.test.tsx(415,73): error TS2322: Type 'Promise<any[]>' is not assignable to type 'Promise<never[]>'.
  Type 'any[]' is not assignable to type 'never[]'.
    Type 'any' is not assignable to type 'never'.
src/components/__tests__/Discovery.test.tsx(426,73): error TS2322: Type 'Promise<any[]>' is not assignable to type 'Promise<never[]>'.
  Type 'any[]' is not assignable to type 'never[]'.
    Type 'any' is not assignable to type 'never'.
src/components/__tests__/Discovery.test.tsx(436,73): error TS2322: Type 'Promise<any[]>' is not assignable to type 'Promise<never[]>'.
  Type 'any[]' is not assignable to type 'never[]'.
    Type 'any' is not assignable to type 'never'.
src/components/__tests__/Discovery.test.tsx(454,73): error TS2322: Type 'Promise<any[]>' is not assignable to type 'Promise<never[]>'.
  Type 'any[]' is not assignable to type 'never[]'.
    Type 'any' is not assignable to type 'never'.
src/components/__tests__/MacroData.test.tsx(86,65): error TS2322: Type 'Promise<{ id: string; task_type: string; status: string; stage: string; percent: number; message: string; total: number; processed: number; ok_count: number; failed_count: number; current_item: null; result: null; errors: never[]; }>' is not assignable to type 'Promise<null>'.
  Type '{ id: string; task_type: string; status: string; stage: string; percent: number; message: string; total: number; processed: number; ok_count: number; failed_count: number; current_item: null; result: null; errors: never[]; }' is not assignable to type 'null'.
src/components/__tests__/MacroData.test.tsx(101,63): error TS2322: Type 'Promise<{ id: string; task_type: string; status: string; stage: string; percent: number; message: string; total: number; processed: number; ok_count: number; failed_count: number; current_item: null; result: { ...; }; errors: never[]; }>' is not assignable to type 'Promise<null>'.
  Type '{ id: string; task_type: string; status: string; stage: string; percent: number; message: string; total: number; processed: number; ok_count: number; failed_count: number; current_item: null; result: { ...; }; errors: never[]; }' is not assignable to type 'null'.
src/components/__tests__/PortfolioWorkbench.badges.test.tsx(227,57): error TS2322: Type 'Promise<{ symbol_id: number; symbol: string; name: string; quantity: number; avg_cost: number; latest_price: number; market_value: number; position_pct: number; unrealized_pnl: number; unrealized_pnl_pct: number; }[]>' is not assignable to type 'Promise<never[]>'.
  Type '{ symbol_id: number; symbol: string; name: string; quantity: number; avg_cost: number; latest_price: number; market_value: number; position_pct: number; unrealized_pnl: number; unrealized_pnl_pct: number; }[]' is not assignable to type 'never[]'.
    Type '{ symbol_id: number; symbol: string; name: string; quantity: number; avg_cost: number; latest_price: number; market_value: number; position_pct: number; unrealized_pnl: number; unrealized_pnl_pct: number; }' is not assignable to type 'never'.
src/components/__tests__/PortfolioWorkbench.badges.test.tsx(266,56): error TS2345: Argument of type '(id: number | null | undefined) => { data: { symbol_id: number; symbol: string; candidate: { has_candidate: boolean; candidate_id: null; scope: null; stage: null; action: null; priority_score: null; ... 6 more ...; snapshot_generated_at: null; }; ... 6 more ...; degraded_reason: null; }; loading: boolean; error: nul...' is not assignable to parameter of type 'NormalizedPrecedure<(_id: number | null | undefined) => { data: null; loading: boolean; error: null; degraded: boolean; refresh: Mock<() => Promise<void>>; }>'.
  Call signature return types '{ data: { symbol_id: number; symbol: string; candidate: { has_candidate: boolean; candidate_id: null; scope: null; stage: null; action: null; priority_score: null; quality_score: null; timing_score: null; ... 4 more ...; snapshot_generated_at: null; }; ... 6 more ...; degraded_reason: null; }; loading: boolean; erro...' and '{ data: null; loading: boolean; error: null; degraded: boolean; refresh: Mock<() => Promise<void>>; }' are incompatible.
    The types of 'data' are incompatible between these types.
      Type '{ symbol_id: number; symbol: string; candidate: { has_candidate: boolean; candidate_id: null; scope: null; stage: null; action: null; priority_score: null; quality_score: null; timing_score: null; ... 4 more ...; snapshot_generated_at: null; }; ... 6 more ...; degraded_reason: null; }' is not assignable to type 'null'.
src/components/__tests__/PortfolioWorkbench.badges.test.tsx(285,56): error TS2345: Argument of type '(id: number | null | undefined) => { data: { symbol_id: number; symbol: string; candidate: { has_candidate: boolean; candidate_id: null; scope: null; stage: null; action: null; priority_score: null; ... 6 more ...; snapshot_generated_at: null; }; ... 6 more ...; degraded_reason: null; }; loading: boolean; error: nul...' is not assignable to parameter of type 'NormalizedPrecedure<(_id: number | null | undefined) => { data: null; loading: boolean; error: null; degraded: boolean; refresh: Mock<() => Promise<void>>; }>'.
  Call signature return types '{ data: { symbol_id: number; symbol: string; candidate: { has_candidate: boolean; candidate_id: null; scope: null; stage: null; action: null; priority_score: null; quality_score: null; timing_score: null; ... 4 more ...; snapshot_generated_at: null; }; ... 6 more ...; degraded_reason: null; }; loading: boolean; erro...' and '{ data: null; loading: boolean; error: null; degraded: boolean; refresh: Mock<() => Promise<void>>; }' are incompatible.
    The types of 'data' are incompatible between these types.
      Type '{ symbol_id: number; symbol: string; candidate: { has_candidate: boolean; candidate_id: null; scope: null; stage: null; action: null; priority_score: null; quality_score: null; timing_score: null; ... 4 more ...; snapshot_generated_at: null; }; ... 6 more ...; degraded_reason: null; }' is not assignable to type 'null'.
src/components/__tests__/PortfolioWorkbench.badges.test.tsx(302,56): error TS2345: Argument of type '(_id: number | null | undefined) => { data: null; loading: false; error: string; degraded: true; refresh: Mock<() => Promise<void>>; }' is not assignable to parameter of type 'NormalizedPrecedure<(_id: number | null | undefined) => { data: null; loading: boolean; error: null; degraded: boolean; refresh: Mock<() => Promise<void>>; }>'.
  Call signature return types '{ data: null; loading: false; error: string; degraded: true; refresh: Mock<() => Promise<void>>; }' and '{ data: null; loading: boolean; error: null; degraded: boolean; refresh: Mock<() => Promise<void>>; }' are incompatible.
    The types of 'error' are incompatible between these types.
      Type 'string' is not assignable to type 'null'.
src/components/__tests__/PortfolioWorkbench.badges.test.tsx(321,56): error TS2345: Argument of type '(id: number | null | undefined) => { data: { symbol_id: number; symbol: string; candidate: { has_candidate: boolean; candidate_id: null; scope: null; stage: null; action: null; priority_score: null; ... 6 more ...; snapshot_generated_at: null; }; ... 6 more ...; degraded_reason: null; }; loading: boolean; error: nul...' is not assignable to parameter of type 'NormalizedPrecedure<(_id: number | null | undefined) => { data: null; loading: boolean; error: null; degraded: boolean; refresh: Mock<() => Promise<void>>; }>'.
  Call signature return types '{ data: { symbol_id: number; symbol: string; candidate: { has_candidate: boolean; candidate_id: null; scope: null; stage: null; action: null; priority_score: null; quality_score: null; timing_score: null; ... 4 more ...; snapshot_generated_at: null; }; ... 6 more ...; degraded_reason: null; }; loading: boolean; erro...' and '{ data: null; loading: boolean; error: null; degraded: boolean; refresh: Mock<() => Promise<void>>; }' are incompatible.
    The types of 'data' are incompatible between these types.
      Type '{ symbol_id: number; symbol: string; candidate: { has_candidate: boolean; candidate_id: null; scope: null; stage: null; action: null; priority_score: null; quality_score: null; timing_score: null; ... 4 more ...; snapshot_generated_at: null; }; ... 6 more ...; degraded_reason: null; }' is not assignable to type 'null'.
src/components/__tests__/PortfolioWorkbench.test.tsx(200,57): error TS2322: Type 'Promise<{ symbol_id: number; symbol: string; name: string; quantity: number; avg_cost: number; latest_price: number; market_value: number; position_pct: number; unrealized_pnl: number; unrealized_pnl_pct: number; }[]>' is not assignable to type 'Promise<never[]>'.
  Type '{ symbol_id: number; symbol: string; name: string; quantity: number; avg_cost: number; latest_price: number; market_value: number; position_pct: number; unrealized_pnl: number; unrealized_pnl_pct: number; }[]' is not assignable to type 'never[]'.
    Type '{ symbol_id: number; symbol: string; name: string; quantity: number; avg_cost: number; latest_price: number; market_value: number; position_pct: number; unrealized_pnl: number; unrealized_pnl_pct: number; }' is not assignable to type 'never'.
src/components/__tests__/PortfolioWorkbench.test.tsx(339,57): error TS2322: Type 'Promise<{ symbol_id: number; symbol: string; name: string; quantity: number; avg_cost: number; latest_price: number; market_value: number; position_pct: number; unrealized_pnl: number; unrealized_pnl_pct: number; }[]>' is not assignable to type 'Promise<never[]>'.
  Type '{ symbol_id: number; symbol: string; name: string; quantity: number; avg_cost: number; latest_price: number; market_value: number; position_pct: number; unrealized_pnl: number; unrealized_pnl_pct: number; }[]' is not assignable to type 'never[]'.
    Type '{ symbol_id: number; symbol: string; name: string; quantity: number; avg_cost: number; latest_price: number; market_value: number; position_pct: number; unrealized_pnl: number; unrealized_pnl_pct: number; }' is not assignable to type 'never'.
src/components/__tests__/PortfolioWorkbench.test.tsx(577,12): error TS2532: Object is possibly 'undefined'.
src/components/__tests__/PortfolioWorkbench.test.tsx(577,22): error TS2493: Tuple type '[]' of length '0' has no element at index '1'.
src/components/__tests__/ScoringConfigSettings.test.tsx(213,52): error TS2339: Property 'disabled' does not exist on type 'HTMLElement'.
src/components/__tests__/ScoringConfigSettings.test.tsx(260,50): error TS2339: Property 'disabled' does not exist on type 'HTMLElement'.
src/components/__tests__/ScoringConfigSettings.test.tsx(269,11): error TS2722: Cannot invoke an object which is possibly 'undefined'.
src/components/__tests__/ScoringConfigSettings.test.tsx(284,48): error TS2339: Property 'disabled' does not exist on type 'HTMLElement'.
src/components/__tests__/TodayDecision.badges.test.tsx(193,56): error TS2345: Argument of type '(id: number | null | undefined) => { data: { symbol_id: number; symbol: string; candidate: { has_candidate: boolean; candidate_id: number; scope: string; stage: null; action: null; priority_score: null; ... 6 more ...; snapshot_generated_at: null; }; ... 6 more ...; degraded_reason: null; }; loading: boolean; error:...' is not assignable to parameter of type 'NormalizedPrecedure<(_id: number | null | undefined) => { data: null; loading: boolean; error: null; degraded: boolean; refresh: Mock<() => Promise<void>>; }>'.
  Call signature return types '{ data: { symbol_id: number; symbol: string; candidate: { has_candidate: boolean; candidate_id: number; scope: string; stage: null; action: null; priority_score: null; quality_score: null; timing_score: null; ... 4 more ...; snapshot_generated_at: null; }; ... 6 more ...; degraded_reason: null; }; loading: boolean; ...' and '{ data: null; loading: boolean; error: null; degraded: boolean; refresh: Mock<() => Promise<void>>; }' are incompatible.
    The types of 'data' are incompatible between these types.
      Type '{ symbol_id: number; symbol: string; candidate: { has_candidate: boolean; candidate_id: number; scope: string; stage: null; action: null; priority_score: null; quality_score: null; timing_score: null; ... 4 more ...; snapshot_generated_at: null; }; ... 6 more ...; degraded_reason: null; }' is not assignable to type 'null'.
src/components/__tests__/TodayDecision.badges.test.tsx(212,56): error TS2345: Argument of type '(id: number | null | undefined) => { data: { symbol_id: number; symbol: string; candidate: { has_candidate: boolean; candidate_id: null; scope: null; stage: null; action: null; priority_score: null; ... 6 more ...; snapshot_generated_at: null; }; ... 6 more ...; degraded_reason: null; }; loading: boolean; error: nul...' is not assignable to parameter of type 'NormalizedPrecedure<(_id: number | null | undefined) => { data: null; loading: boolean; error: null; degraded: boolean; refresh: Mock<() => Promise<void>>; }>'.
  Call signature return types '{ data: { symbol_id: number; symbol: string; candidate: { has_candidate: boolean; candidate_id: null; scope: null; stage: null; action: null; priority_score: null; quality_score: null; timing_score: null; ... 4 more ...; snapshot_generated_at: null; }; ... 6 more ...; degraded_reason: null; }; loading: boolean; erro...' and '{ data: null; loading: boolean; error: null; degraded: boolean; refresh: Mock<() => Promise<void>>; }' are incompatible.
    The types of 'data' are incompatible between these types.
      Type '{ symbol_id: number; symbol: string; candidate: { has_candidate: boolean; candidate_id: null; scope: null; stage: null; action: null; priority_score: null; quality_score: null; timing_score: null; ... 4 more ...; snapshot_generated_at: null; }; ... 6 more ...; degraded_reason: null; }' is not assignable to type 'null'.
src/components/__tests__/TodayDecision.badges.test.tsx(235,56): error TS2345: Argument of type '(id: number | null | undefined) => { data: { symbol_id: number; symbol: string; candidate: { has_candidate: boolean; candidate_id: number; scope: string; stage: null; action: null; priority_score: null; ... 6 more ...; snapshot_generated_at: null; }; ... 6 more ...; degraded_reason: null; }; loading: boolean; error:...' is not assignable to parameter of type 'NormalizedPrecedure<(_id: number | null | undefined) => { data: null; loading: boolean; error: null; degraded: boolean; refresh: Mock<() => Promise<void>>; }>'.
  Type '{ data: { symbol_id: number; symbol: string; candidate: { has_candidate: boolean; candidate_id: number; scope: string; stage: null; action: null; priority_score: null; quality_score: null; timing_score: null; ... 4 more ...; snapshot_generated_at: null; }; ... 6 more ...; degraded_reason: null; }; loading: boolean; ...' is not assignable to type '{ data: null; loading: boolean; error: null; degraded: boolean; refresh: Mock<() => Promise<void>>; }'.
    Type '{ data: { symbol_id: number; symbol: string; candidate: { has_candidate: boolean; candidate_id: number; scope: string; stage: null; action: null; priority_score: null; quality_score: null; timing_score: null; ... 4 more ...; snapshot_generated_at: null; }; ... 6 more ...; degraded_reason: null; }; loading: boolean; ...' is not assignable to type '{ data: null; loading: boolean; error: null; degraded: boolean; refresh: Mock<() => Promise<void>>; }'.
      Types of property 'data' are incompatible.
        Type '{ symbol_id: number; symbol: string; candidate: { has_candidate: boolean; candidate_id: number; scope: string; stage: null; action: null; priority_score: null; quality_score: null; timing_score: null; ... 4 more ...; snapshot_generated_at: null; }; ... 6 more ...; degraded_reason: null; }' is not assignable to type 'null'.
src/components/__tests__/TodayDecision.badges.test.tsx(265,56): error TS2345: Argument of type '(_id: number | null | undefined) => { data: null; loading: false; error: string; degraded: true; refresh: Mock<() => Promise<void>>; }' is not assignable to parameter of type 'NormalizedPrecedure<(_id: number | null | undefined) => { data: null; loading: boolean; error: null; degraded: boolean; refresh: Mock<() => Promise<void>>; }>'.
  Call signature return types '{ data: null; loading: false; error: string; degraded: true; refresh: Mock<() => Promise<void>>; }' and '{ data: null; loading: boolean; error: null; degraded: boolean; refresh: Mock<() => Promise<void>>; }' are incompatible.
    The types of 'error' are incompatible between these types.
      Type 'string' is not assignable to type 'null'.
src/components/__tests__/TodayDecision.badges.test.tsx(284,56): error TS2345: Argument of type '(id: number | null | undefined) => { data: { symbol_id: number; symbol: string; candidate: { has_candidate: boolean; candidate_id: number; scope: string; stage: null; action: null; priority_score: null; ... 6 more ...; snapshot_generated_at: null; }; ... 6 more ...; degraded_reason: null; }; loading: boolean; error:...' is not assignable to parameter of type 'NormalizedPrecedure<(_id: number | null | undefined) => { data: null; loading: boolean; error: null; degraded: boolean; refresh: Mock<() => Promise<void>>; }>'.
  Call signature return types '{ data: { symbol_id: number; symbol: string; candidate: { has_candidate: boolean; candidate_id: number; scope: string; stage: null; action: null; priority_score: null; quality_score: null; timing_score: null; ... 4 more ...; snapshot_generated_at: null; }; ... 6 more ...; degraded_reason: null; }; loading: boolean; ...' and '{ data: null; loading: boolean; error: null; degraded: boolean; refresh: Mock<() => Promise<void>>; }' are incompatible.
    The types of 'data' are incompatible between these types.
      Type '{ symbol_id: number; symbol: string; candidate: { has_candidate: boolean; candidate_id: number; scope: string; stage: null; action: null; priority_score: null; quality_score: null; timing_score: null; ... 4 more ...; snapshot_generated_at: null; }; ... 6 more ...; degraded_reason: null; }' is not assignable to type 'null'.
src/components/capability/__tests__/FirstScanWizard.test.tsx(71,56): error TS2345: Argument of type '(key: string) => key is "market_data"' is not assignable to parameter of type 'NormalizedPrecedure<() => boolean>'.
  Target signature provides too few arguments. Expected 1 or more, but got 0.
src/components/capability/__tests__/FirstScanWizard.test.tsx(72,47): error TS2345: Argument of type '{ key: string; label: string; status: string; reason_code: string; user_message: string; prerequisites: never[]; recommended_actions: never[]; data_cutoff_at: null; last_checked_at: string; }' is not assignable to parameter of type 'undefined'.
src/components/capability/__tests__/FirstScanWizard.test.tsx(91,7): error TS2345: Argument of type '(key: string) => key is "market_data" | "scoring"' is not assignable to parameter of type 'NormalizedPrecedure<() => boolean>'.
  Target signature provides too few arguments. Expected 1 or more, but got 0.
src/components/capability/__tests__/FirstScanWizard.test.tsx(93,50): error TS2345: Argument of type '(key: string) => { key: string; label: string; status: string; reason_code: string; user_message: string; prerequisites: never[]; recommended_actions: never[]; data_cutoff_at: null; last_checked_at: string; }' is not assignable to parameter of type 'NormalizedPrecedure<() => undefined>'.
  Target signature provides too few arguments. Expected 1 or more, but got 0.
src/components/capability/__tests__/FirstScanWizard.test.tsx(113,56): error TS2345: Argument of type '(key: string) => key is "market_data"' is not assignable to parameter of type 'NormalizedPrecedure<() => boolean>'.
  Target signature provides too few arguments. Expected 1 or more, but got 0.
src/components/capability/__tests__/FirstScanWizard.test.tsx(114,47): error TS2345: Argument of type '{ key: string; label: string; status: string; reason_code: string; user_message: string; prerequisites: never[]; recommended_actions: never[]; data_cutoff_at: null; last_checked_at: string; }' is not assignable to parameter of type 'undefined'.
src/components/opportunity/ObservationPool.tsx(159,7): error TS2322: Type '{ label: string; action_type: "sync" | "redirect" | "configure" | "retry" | "dismiss" | "view_details"; target?: string | null | undefined; reason?: string | null | undefined; }[]' is not assignable to type '{ label: string; action_type: "redirect" | "configure" | "retry" | "dismiss" | "view_details"; target?: string | null | undefined; reason?: string | null | undefined; }[]'.
  Type '{ label: string; action_type: "sync" | "redirect" | "configure" | "retry" | "dismiss" | "view_details"; target?: string | null | undefined; reason?: string | null | undefined; }' is not assignable to type '{ label: string; action_type: "redirect" | "configure" | "retry" | "dismiss" | "view_details"; target?: string | null | undefined; reason?: string | null | undefined; }'.
    Types of property 'action_type' are incompatible.
      Type '"sync" | "redirect" | "configure" | "retry" | "dismiss" | "view_details"' is not assignable to type '"redirect" | "configure" | "retry" | "dismiss" | "view_details"'.
        Type '"sync"' is not assignable to type '"redirect" | "configure" | "retry" | "dismiss" | "view_details"'.
src/components/opportunity/ObservationPool.tsx(160,7): error TS2322: Type 'unknown' is not assignable to type 'string | { exception_type?: string | null | undefined; error_message?: string | null | undefined; stack_summary?: string | null | undefined; } | null | undefined'.
src/components/symbol-research/__tests__/SymbolResearchShell.test.tsx(558,23): error TS2493: Tuple type '[]' of length '0' has no element at index '0'.
src/components/symbol-research/__tests__/SymbolResearchShell.test.tsx(559,23): error TS2493: Tuple type '[]' of length '0' has no element at index '1'.
src/test/factories.ts(2,15): error TS2459: Module '"../context/AppContext"' declares 'AppContextValue' locally, but it is not exported.
